// Jest Snapshot v1, https://goo.gl/fbAQLP

exports[`Player should render correctly 1`] = `
<div>
  <div
    class="player"
  >
    <video
      autoplay=""
      class="player__video"
      poster="https://assets.htmlacademy.ru/intensives/javascript-3/film/background/Macbeth.jpg"
      src="http://media.xiph.org/mango/tears_of_steel_1080p.webm"
    />
    <button
      class="player__exit"
      type="button"
    >
      Exit
    </button>
    <div
      class="player__controls"
    >
      <div
        class="player__controls-row"
      >
        <div
          class="player__time"
        >
          <progress
            class="player__progress"
            max="100"
            value="0"
          />
          <div
            class="player__toggler"
            style="left: 0%;"
          >
            Toggler
          </div>
        </div>
        <div
          class="player__time-value"
        >
          0:00:00
        </div>
      </div>
      <div
        class="player__controls-row"
      >
        <button
          class="player__play"
          type="button"
        >
          <svg
            height="19"
            viewBox="0 0 19 19"
            width="19"
          >
            <use
              xlink:href="#pause"
            />
          </svg>
          <span>
            Play
          </span>
        </button>
        <div
          class="player__name"
        >
          Macbeth
        </div>
        <button
          class="player__full-screen"
          type="button"
        >
          <svg
            height="27"
            viewBox="0 0 27 27"
            width="27"
          >
            <use
              xlink:href="#full-screen"
            />
          </svg>
          <span>
            Full screen
          </span>
        </button>
      </div>
    </div>
  </div>
</div>
`;
