// Jest Snapshot v1, https://goo.gl/fbAQLP

exports[`AddReview should render correctly 1`] = `
<div>
  <section
    class="movie-card movie-card--full"
    style="background-color: rgb(241, 233, 206);"
  >
    <div
      class="movie-card__hero"
    >
      <div
        class="movie-card__bg"
      >
        <img
          alt="Macbeth"
          src="https://assets.htmlacademy.ru/intensives/javascript-3/film/background/Macbeth.jpg"
        />
      </div>
      <h1
        class="visually-hidden"
      >
        WTW
      </h1>
      <header
        class="page-header movie-card__head"
      >
        <div
          class="logo"
        >
          <a
            class="logo__link"
            href="/"
          >
            <span
              class="logo__letter logo__letter--1"
            >
              W
            </span>
            <span
              class="logo__letter logo__letter--2"
            >
              T
            </span>
            <span
              class="logo__letter logo__letter--3"
            >
              W
            </span>
          </a>
        </div>
        <div
          class="user-block"
        >
          <div
            class="user-block__avatar"
          >
            <img
              alt="User avatar"
              height="63"
              src="img/1.png"
              width="63"
            />
          </div>
        </div>
      </header>
      <div
        class="movie-card__wrap"
      >
        <div
          class="movie-card__desc"
        >
          <h2
            class="movie-card__title"
          >
            Macbeth
          </h2>
          <p
            class="movie-card__meta"
          >
            <span
              class="movie-card__genre"
            >
              Drama
            </span>
            <span
              class="movie-card__year"
            >
              2015
            </span>
          </p>
          <div
            class="movie-card__buttons"
          >
            <button
              class="btn btn--play movie-card__button"
              type="button"
            >
              <svg
                height="19"
                viewBox="0 0 19 19"
                width="19"
              >
                <use
                  xlink:href="#play-s"
                />
              </svg>
              <span>
                Play
              </span>
            </button>
            <button
              class="btn btn--list movie-card__button"
              type="button"
            >
              <svg
                height="20"
                viewBox="0 0 19 20"
                width="19"
              >
                <use
                  xlink:href="#add"
                />
              </svg>
              <span>
                My list
              </span>
            </button>
            <a
              class="btn movie-card__button"
              href="/films/1/review"
            >
              Add review
            </a>
          </div>
        </div>
      </div>
    </div>
    <div
      class="movie-card__wrap movie-card__translate-top"
    >
      <div
        class="movie-card__info"
      >
        <div
          class="movie-card__poster movie-card__poster--big"
        >
          <img
            alt="Macbeth"
            height="327"
            src="https://assets.htmlacademy.ru/intensives/javascript-3/film/poster/Macbeth.jpg"
            width="218"
          />
        </div>
        <div
          class="movie-card__desc"
        >
          <nav
            class="movie-nav movie-card__nav"
          >
            <ul
              class="movie-nav__list"
            >
              <li
                class="movie-nav__item "
              >
                <a
                  class="movie-nav__link"
                  href="#"
                >
                  Overview
                </a>
              </li>
              <li
                class="movie-nav__item "
              >
                <a
                  class="movie-nav__link"
                  href="#"
                >
                  Details
                </a>
              </li>
              <li
                class="movie-nav__item movie-nav__item--active"
              >
                <a
                  class="movie-nav__link"
                  href="#"
                >
                  Reviews
                </a>
              </li>
            </ul>
          </nav>
          <div
            class="add-review"
          >
            
            <form
              action="#"
              class="add-review__form"
            >
              <div
                class="rating"
              >
                <div
                  class="rating__stars"
                >
                  <input
                    class="rating__input"
                    id="star-1"
                    name="rating"
                    type="radio"
                    value="1"
                  />
                  <label
                    class="rating__label"
                    for="star-1"
                  >
                    Rating 1
                  </label>
                  <input
                    class="rating__input"
                    id="star-2"
                    name="rating"
                    type="radio"
                    value="2"
                  />
                  <label
                    class="rating__label"
                    for="star-2"
                  >
                    Rating 2
                  </label>
                  <input
                    class="rating__input"
                    id="star-3"
                    name="rating"
                    type="radio"
                    value="3"
                  />
                  <label
                    class="rating__label"
                    for="star-3"
                  >
                    Rating 3
                  </label>
                  <input
                    class="rating__input"
                    id="star-4"
                    name="rating"
                    type="radio"
                    value="4"
                  />
                  <label
                    class="rating__label"
                    for="star-4"
                  >
                    Rating 4
                  </label>
                  <input
                    class="rating__input"
                    id="star-5"
                    name="rating"
                    type="radio"
                    value="5"
                  />
                  <label
                    class="rating__label"
                    for="star-5"
                  >
                    Rating 5
                  </label>
                  <input
                    class="rating__input"
                    id="star-6"
                    name="rating"
                    type="radio"
                    value="6"
                  />
                  <label
                    class="rating__label"
                    for="star-6"
                  >
                    Rating 6
                  </label>
                  <input
                    class="rating__input"
                    id="star-7"
                    name="rating"
                    type="radio"
                    value="7"
                  />
                  <label
                    class="rating__label"
                    for="star-7"
                  >
                    Rating 7
                  </label>
                  <input
                    class="rating__input"
                    id="star-8"
                    name="rating"
                    type="radio"
                    value="8"
                  />
                  <label
                    class="rating__label"
                    for="star-8"
                  >
                    Rating 8
                  </label>
                  <input
                    class="rating__input"
                    id="star-9"
                    name="rating"
                    type="radio"
                    value="9"
                  />
                  <label
                    class="rating__label"
                    for="star-9"
                  >
                    Rating 9
                  </label>
                  <input
                    class="rating__input"
                    id="star-10"
                    name="rating"
                    type="radio"
                    value="10"
                  />
                  <label
                    class="rating__label"
                    for="star-10"
                  >
                    Rating 10
                  </label>
                </div>
              </div>
              <div
                class="add-review__text"
              >
                <textarea
                  class="add-review__textarea"
                  id="review-text"
                  maxlength="400"
                  minlength="50"
                  name="review-text"
                  placeholder="Review text"
                  required=""
                />
                <div
                  class="add-review__submit"
                >
                  <button
                    class="add-review__btn"
                    disabled=""
                    type="submit"
                  >
                    Post
                  </button>
                </div>
              </div>
            </form>
          </div>
          <div
            class="movie-card__reviews movie-card__row"
          >
            <div
              class="movie-card__reviews-col"
            >
              <div
                class="review"
              >
                <blockquote
                  class="review__quote"
                >
                  <p
                    class="review__text"
                  >
                    Poised to be an instant classic, almost everything about this film is phenomenal - the acting, the cinematography, the discography, etc.
                  </p>
                  <footer
                    class="review__details"
                  >
                    <cite
                      class="review__author"
                    >
                      Max
                    </cite>
                    <time
                      class="review__date"
                      datetime="{dayjs(new Date(item.date)).format(\`YYYY-MM-DD\`)}"
                    >
                      February 18, 2021
                    </time>
                  </footer>
                </blockquote>
                <div
                  class="review__rating"
                >
                  3.9
                </div>
              </div>
              <div
                class="review"
              >
                <blockquote
                  class="review__quote"
                >
                  <p
                    class="review__text"
                  >
                    It was well acted, directed, and the music was good. But the story is yawn. Not trying to rip anybody but I checked my watch a dozen times during this movie.
                  </p>
                  <footer
                    class="review__details"
                  >
                    <cite
                      class="review__author"
                    >
                      Christina
                    </cite>
                    <time
                      class="review__date"
                      datetime="{dayjs(new Date(item.date)).format(\`YYYY-MM-DD\`)}"
                    >
                      February 17, 2021
                    </time>
                  </footer>
                </blockquote>
                <div
                  class="review__rating"
                >
                  9.7
                </div>
              </div>
            </div>
          </div>
        </div>
      </div>
    </div>
  </section>
  <div
    class="page-content"
  >
    <section
      class="catalog catalog--like-this"
    >
      <h2
        class="catalog__title"
      >
        More like this
      </h2>
      <div
        class="catalog__movies-list"
      >
        <article
          class="small-movie-card catalog__movies-card"
        >
          <div
            class="small-movie-card__image"
          >
            <img
              alt="Macbeth"
              height="175"
              src="https://assets.htmlacademy.ru/intensives/javascript-3/film/preview/macbeth.jpg"
              width="280"
            />
          </div>
          <h3
            class="small-movie-card__title"
          >
            <a
              class="small-movie-card__link"
              href="/films/1/"
            >
              Macbeth
            </a>
          </h3>
        </article>
        <article
          class="small-movie-card catalog__movies-card"
        >
          <div
            class="small-movie-card__image"
          >
            <img
              alt="Orlando"
              height="175"
              src="https://assets.htmlacademy.ru/intensives/javascript-3/film/preview/orlando.jpg"
              width="280"
            />
          </div>
          <h3
            class="small-movie-card__title"
          >
            <a
              class="small-movie-card__link"
              href="/films/3/"
            >
              Orlando
            </a>
          </h3>
        </article>
        <article
          class="small-movie-card catalog__movies-card"
        >
          <div
            class="small-movie-card__image"
          >
            <img
              alt="Aviator"
              height="175"
              src="https://assets.htmlacademy.ru/intensives/javascript-3/film/preview/aviator.jpg"
              width="280"
            />
          </div>
          <h3
            class="small-movie-card__title"
          >
            <a
              class="small-movie-card__link"
              href="/films/8/"
            >
              Aviator
            </a>
          </h3>
        </article>
      </div>
    </section>
    <footer
      class="page-footer"
    >
      <div
        class="logo"
      >
        <a
          class="logo__link logo__link--light"
          href="/"
        >
          <span
            class="logo__letter logo__letter--1"
          >
            W
          </span>
          <span
            class="logo__letter logo__letter--2"
          >
            T
          </span>
          <span
            class="logo__letter logo__letter--3"
          >
            W
          </span>
        </a>
      </div>
      <div
        class="copyright"
      >
        <p>
          © 2019 What to watch Ltd.
        </p>
      </div>
    </footer>
  </div>
</div>
`;
