// Jest Snapshot v1, https://goo.gl/fbAQLP

exports[`MovieCard should render correctly 1`] = `
<div>
  <section
    class="movie-card"
  >
    <div
      class="movie-card__bg"
    >
      <img
        alt="Macbeth"
        src="https://assets.htmlacademy.ru/intensives/javascript-3/film/background/Macbeth.jpg"
      />
    </div>
    <h1
      class="visually-hidden"
    >
      WTW
    </h1>
    <header
      class="page-header movie-card__head"
    >
      <div
        class="logo"
      >
        <a
          class="logo__link"
          href="/"
        >
          <span
            class="logo__letter logo__letter--1"
          >
            W
          </span>
          <span
            class="logo__letter logo__letter--2"
          >
            T
          </span>
          <span
            class="logo__letter logo__letter--3"
          >
            W
          </span>
        </a>
      </div>
      <div
        class="user-block"
      >
        <div
          class="user-block__avatar"
        >
          <img
            alt="User avatar"
            height="63"
            src="img/1.png"
            width="63"
          />
        </div>
      </div>
    </header>
    <div
      class="movie-card__wrap"
    >
      <div
        class="movie-card__info"
      >
        <div
          class="movie-card__poster"
        >
          <img
            alt="Macbeth"
            height="327"
            src="https://assets.htmlacademy.ru/intensives/javascript-3/film/poster/Macbeth.jpg"
            width="218"
          />
        </div>
        <div
          class="movie-card__desc"
        >
          <h2
            class="movie-card__title"
          >
            Macbeth
          </h2>
          <p
            class="movie-card__meta"
          >
            <span
              class="movie-card__genre"
            >
              Drama
            </span>
            <span
              class="movie-card__year"
            />
          </p>
          <div
            class="movie-card__buttons"
          >
            <button
              class="btn btn--play movie-card__button"
              type="button"
            >
              <svg
                height="19"
                viewBox="0 0 19 19"
                width="19"
              >
                <use
                  xlink:href="#play-s"
                />
              </svg>
              <span>
                Play
              </span>
            </button>
            <button
              class="btn btn--list movie-card__button"
              type="button"
            >
              <svg
                height="20"
                viewBox="0 0 19 20"
                width="19"
              >
                <use
                  xlink:href="#add"
                />
              </svg>
              <span>
                My list
              </span>
            </button>
          </div>
        </div>
      </div>
    </div>
  </section>
</div>
`;
